// Jest Snapshot v1, https://goo.gl/fbAQLP

exports[`createSchemaCustomization calls #createTypes with the relational schema 1`] = `
[MockFunction] {
  "calls": Array [
    Array [
      "
    type NHLRoster implements Node {
      player: NHLPlayer @link,
      position: NHLPosition @link,
      team: NHLTeam @link
    }

    type NHLPosition implements Node {
      players: [NHLPlayer] @link
    }

    type NHLPlayer implements Node {
      position: NHLPosition @link
      team: NHLTeam @link
    }

    type NHLFranchise implements Node {
      team: NHLTeam @link
    }

    type NHLDivision implements Node {
      teams: [NHLTeam] @link
    }

    type NHLConference implements Node {
      teams: [NHLTeam] @link
    }

    type NHLVenue implements Node {
      team: NHLTeam @link
    }

     type NHLTeam implements Node {
      venue: NHLVenue @link
    }
  ",
    ],
  ],
  "results": Array [
    Object {
      "type": "return",
      "value": undefined,
    },
  ],
}
`;
